// Jest Snapshot v1, https://goo.gl/fbAQLP

exports[`The Footer component has been rendered as expected. 1`] = `
<footer
  className="aoe-footer"
>
  <p>
    Â© 2021 Age of Empires. All rights reserved.
  </p>
</footer>
`;
